[backblue.gif]
[fade.gif]
[index.html]
[www.git-tower.com/learn/git/ebook/en/desktop-gui/index.html]
[www.git-tower.com/learn/git/ebook/en/desktop-gui/introduction.html]
[www.google-analytics.com/analytics.js]
[ajax.googleapis.com/ajax/libs/jquery/3.3.1/jquery.min.js]
[assets.git-tower.com/learn/assets/css/content.min.1570000299.css]
[assets.git-tower.com/learn/assets/js/content.min.1570000299.js]
[assets.git-tower.com/learn/assets/img/keyvisual/ebook_dark.1570000299.png]
[www.git-tower.com/learn/git/ebook/en/desktop-gui/basics/what-is-version-control.html]
[www.git-tower.com/learn/git/ebook/en/desktop-gui/basics/why-use-version-control.html]
[www.git-tower.com/learn/git/ebook/en/desktop-gui/basics/getting-ready.html]
[www.git-tower.com/learn/git/ebook/en/desktop-gui/basics/basic-workflow.html]
[www.git-tower.com/learn/git/ebook/en/desktop-gui/basics/starting-with-an-unversioned-project.html]
[www.git-tower.com/learn/git/ebook/en/desktop-gui/basics/starting-with-a-remote-project.html]
[www.git-tower.com/learn/git/ebook/en/desktop-gui/basics/working-on-your-project.html]
[www.git-tower.com/learn/git/ebook/en/desktop-gui/branching-merging/branching-can-change-your-life.html]
[www.git-tower.com/learn/git/ebook/en/desktop-gui/branching-merging/working-with-branches.html]
[www.git-tower.com/learn/git/ebook/en/desktop-gui/branching-merging/stashing.html]
[www.git-tower.com/learn/git/ebook/en/desktop-gui/branching-merging/checkout.html]
[www.git-tower.com/learn/git/ebook/en/desktop-gui/branching-merging/merging.html]
[www.git-tower.com/learn/git/ebook/en/desktop-gui/branching-merging/branching-workflows.html]
[www.git-tower.com/learn/git/ebook/en/desktop-gui/remote-repositories/introduction.html]
[www.git-tower.com/learn/git/ebook/en/desktop-gui/remote-repositories/connecting-remote-repositories.html]
[www.git-tower.com/learn/git/ebook/en/desktop-gui/remote-repositories/inspecting-remote-data.html]
[www.git-tower.com/learn/git/ebook/en/desktop-gui/remote-repositories/integrating-remote-changes.html]
[www.git-tower.com/learn/git/ebook/en/desktop-gui/remote-repositories/publish-local-branch.html]
[www.git-tower.com/learn/git/ebook/en/desktop-gui/remote-repositories/deleting-branches.html]
[www.git-tower.com/learn/git/ebook/en/desktop-gui/advanced-topics/undoing-things.html]
[www.git-tower.com/learn/git/ebook/en/desktop-gui/advanced-topics/diffs.html]
[www.git-tower.com/learn/git/ebook/en/desktop-gui/advanced-topics/merge-conflicts.html]
[www.git-tower.com/learn/git/ebook/en/desktop-gui/advanced-topics/rebase.html]
[www.git-tower.com/learn/git/ebook/en/desktop-gui/advanced-topics/submodules.html]
[www.git-tower.com/learn/git/ebook/en/desktop-gui/advanced-topics/git-flow.html]
[www.git-tower.com/learn/git/ebook/en/desktop-gui/advanced-topics/git-lfs.html]
[www.git-tower.com/learn/git/ebook/en/desktop-gui/advanced-topics/ssh-public-keys.html]
[www.git-tower.com/learn/git/ebook/en/desktop-gui/tools-services/diff-merge-tools.html]
[www.git-tower.com/learn/git/ebook/en/desktop-gui/tools-services/code-hosting.html]
[www.git-tower.com/learn/git/ebook/en/desktop-gui/tools-services/learning-resources.html]
[www.git-tower.com/learn/git/ebook/en/desktop-gui/appendix/best-practices.html]
[www.git-tower.com/learn/git/ebook/en/desktop-gui/appendix/from-subversion-to-git.html]
[www.git-tower.com/learn/git/ebook/en/desktop-gui/appendix/why-git.html]
[www.git-tower.com/learn/assets/img/popups/cheat-sheet-illu-huge.png]
[www.git-tower.com/learn/git/ebook/en/desktop-gui/introduction.html]
[assets.git-tower.com/learn/assets/img/sprite-general.png]
[assets.git-tower.com/learn/assets/css/content.min.1570000299.css]
[www.googletagmanager.com/gtm5445.html]
[www.git-tower.com/learn/media/pages/git/ebook/en/desktop-gui/basics/what-is-version-control/1234869142-1570000299/what-is-vcs.png]
[www.git-tower.com/learn/git/ebook/en/desktop-gui/basics/what-is-version-control.html]
[www.git-tower.com/learn/git/ebook/en/desktop-gui/basics/why-use-version-control.html]
[www.git-tower.com/learn/git/ebook/en/desktop-gui/basics/getting-ready.html]
[www.git-tower.com/learn/git/ebook/en/desktop-gui/basics/basic-workflow.html]
[www.git-tower.com/learn/media/pages/git/ebook/en/desktop-gui/basics/starting-with-an-unversioned-project/1937451969-1570000299/repositories-view-create_mac.png]
[www.git-tower.com/learn/media/pages/git/ebook/en/desktop-gui/basics/starting-with-an-unversioned-project/-731048267-1570000299/repositories-view-create_windows.png]
[www.git-tower.com/learn/media/pages/git/ebook/en/desktop-gui/basics/starting-with-an-unversioned-project/98483897-1570000299/hidden-git-folder_mac.jpg]
[www.git-tower.com/learn/media/pages/git/ebook/en/desktop-gui/basics/starting-with-an-unversioned-project/291166227-1570000299/hidden-git-folder_windows.png]
[www.git-tower.com/learn/media/pages/git/ebook/en/desktop-gui/basics/starting-with-an-unversioned-project/559842988-1570000299/ignore_mac.png]
[www.git-tower.com/learn/media/pages/git/ebook/en/desktop-gui/basics/starting-with-an-unversioned-project/-1592322201-1570000299/ignore_windows.png]
[www.git-tower.com/learn/media/pages/git/ebook/en/desktop-gui/basics/starting-with-an-unversioned-project/-2137098196-1570000299/initial-commit_mac.png]
[www.git-tower.com/learn/media/pages/git/ebook/en/desktop-gui/basics/starting-with-an-unversioned-project/-1723876426-1570000299/initial-commit_windows.png]
[www.git-tower.com/learn/git/ebook/en/desktop-gui/basics/starting-with-an-unversioned-project.html]
[www.git-tower.com/learn/media/pages/git/ebook/en/desktop-gui/basics/starting-with-a-remote-project/1911650177-1570000299/hosting-services_mac.png]
[www.git-tower.com/learn/media/pages/git/ebook/en/desktop-gui/basics/starting-with-a-remote-project/96307377-1570000299/hosting-services_windows.png]
[www.git-tower.com/learn/media/pages/git/ebook/en/desktop-gui/basics/starting-with-a-remote-project/-445656224-1570000299/service-account_mac.png]
[www.git-tower.com/learn/media/pages/git/ebook/en/desktop-gui/basics/starting-with-a-remote-project/-1380996199-1570000299/service-account_windows.png]
[www.git-tower.com/learn/media/pages/git/ebook/en/desktop-gui/basics/starting-with-a-remote-project/859212530-1570000299/clone-url_mac.png]
[www.git-tower.com/learn/media/pages/git/ebook/en/desktop-gui/basics/starting-with-a-remote-project/-582875531-1570000299/clone-url_windows.png]
[www.git-tower.com/learn/git/ebook/en/desktop-gui/basics/starting-with-a-remote-project.html]
[www.git-tower.com/learn/media/pages/git/ebook/en/desktop-gui/basics/working-on-your-project/452967006-1570000299/staging-area-file-status.png]
[www.git-tower.com/learn/media/pages/git/ebook/en/desktop-gui/basics/working-on-your-project/1414458670-1570000299/01-status_mac.png]
[www.git-tower.com/learn/media/pages/git/ebook/en/desktop-gui/basics/working-on-your-project/-932652300-1570000299/01-status_windows.png]
[www.git-tower.com/learn/media/pages/git/ebook/en/desktop-gui/basics/working-on-your-project/914055107-1570000299/02-staging_mac.gif]
[www.git-tower.com/learn/media/pages/git/ebook/en/desktop-gui/basics/working-on-your-project/-2011626687-1570000299/02-staging_windows.gif]
[www.git-tower.com/learn/media/pages/git/ebook/en/desktop-gui/basics/working-on-your-project/1875924536-1570000299/03-commit_mac.png]
[www.git-tower.com/learn/media/pages/git/ebook/en/desktop-gui/basics/working-on-your-project/718835190-1570000299/03-commit_windows.png]
[www.git-tower.com/learn/media/pages/git/ebook/en/desktop-gui/basics/working-on-your-project/-448360270-1570000299/04-history_mac.png]
[www.git-tower.com/learn/media/pages/git/ebook/en/desktop-gui/basics/working-on-your-project/392722169-1570000299/04-history_windows.png]
[www.git-tower.com/learn/media/pages/git/ebook/en/desktop-gui/basics/working-on-your-project/-534327896-1570000299/05-diff-in-changeset_mac.png]
[www.git-tower.com/learn/media/pages/git/ebook/en/desktop-gui/basics/working-on-your-project/1497359305-1570000299/05-diff-in-changeset_windows.png]
[www.git-tower.com/learn/git/ebook/en/desktop-gui/basics/working-on-your-project.html]
[www.git-tower.com/learn/media/pages/git/ebook/en/desktop-gui/branching-merging/branching-can-change-your-life/1209609885-1570000299/one-context.png]
[www.git-tower.com/learn/media/pages/git/ebook/en/desktop-gui/branching-merging/branching-can-change-your-life/-1164199415-1570000299/multiple-contexts.png]
[www.git-tower.com/learn/git/ebook/en/desktop-gui/branching-merging/branching-can-change-your-life.html]
[www.git-tower.com/learn/media/pages/git/ebook/en/desktop-gui/branching-merging/working-with-branches/-1188681459-1570000299/01-finding-head_mac.png]
[www.git-tower.com/learn/media/pages/git/ebook/en/desktop-gui/branching-merging/working-with-branches/-1613325358-1570000299/01-finding-head_windows.png]
[www.git-tower.com/learn/media/pages/git/ebook/en/desktop-gui/branching-merging/working-with-branches/778661960-1570000299/02-new-branch_mac.gif]
[www.git-tower.com/learn/media/pages/git/ebook/en/desktop-gui/branching-merging/working-with-branches/-355935453-1570000299/02-new-branch_windows.gif]
[www.git-tower.com/learn/media/pages/git/ebook/en/desktop-gui/branching-merging/working-with-branches/365628407-1570000299/03-branch-created_mac.png]
[www.git-tower.com/learn/media/pages/git/ebook/en/desktop-gui/branching-merging/working-with-branches/2037685757-1570000299/03-branch-created_windows.png]
[www.git-tower.com/learn/media/pages/git/ebook/en/desktop-gui/branching-merging/working-with-branches/-1041415319-1570000299/04-status-before-checkout_mac.png]
[www.git-tower.com/learn/media/pages/git/ebook/en/desktop-gui/branching-merging/working-with-branches/402801403-1570000299/04-status-before-checkout_windows.png]
[www.git-tower.com/learn/git/ebook/en/desktop-gui/branching-merging/working-with-branches.html]
[www.git-tower.com/learn/media/pages/git/ebook/en/desktop-gui/branching-merging/stashing/1061850644-1570000299/01-stash_mac.gif]
[www.git-tower.com/learn/media/pages/git/ebook/en/desktop-gui/branching-merging/stashing/5268080-1570000299/01-stash_windows.gif]
[www.git-tower.com/learn/media/pages/git/ebook/en/desktop-gui/branching-merging/stashing/-1293544157-1570000299/02-stash-list_mac.png]
[www.git-tower.com/learn/media/pages/git/ebook/en/desktop-gui/branching-merging/stashing/-1369288211-1570000299/02-stash-list_windows.png]
[www.git-tower.com/learn/git/ebook/en/desktop-gui/branching-merging/stashing.html]
[www.git-tower.com/learn/media/pages/git/ebook/en/desktop-gui/branching-merging/checkout/-1760262414-1570000299/branch-pointers.png]
[www.git-tower.com/learn/media/pages/git/ebook/en/desktop-gui/branching-merging/checkout/14503233-1570000299/01-add-commit-log_mac.gif]
[www.git-tower.com/learn/media/pages/git/ebook/en/desktop-gui/branching-merging/checkout/-418610151-1570000299/01-add-commit-log_windows.gif]
[www.git-tower.com/learn/media/pages/git/ebook/en/desktop-gui/branching-merging/checkout/1977474885-1570000299/02-master-history_mac.png]
[www.git-tower.com/learn/media/pages/git/ebook/en/desktop-gui/branching-merging/checkout/363156111-1570000299/02-master-history_windows.png]
[www.git-tower.com/learn/git/ebook/en/desktop-gui/branching-merging/checkout.html]
[www.git-tower.com/learn/media/pages/git/ebook/en/desktop-gui/branching-merging/merging/1787895404-1570000299/basic-merging.png]
[www.git-tower.com/learn/media/pages/git/ebook/en/desktop-gui/branching-merging/merging/235463138-1570000299/01-merge_mac.gif]
[www.git-tower.com/learn/media/pages/git/ebook/en/desktop-gui/branching-merging/merging/1934068395-1570000299/01-merge_windows.gif]
[www.git-tower.com/learn/media/pages/git/ebook/en/desktop-gui/branching-merging/merging/803831454-1570000299/merge-commit.png]
[www.git-tower.com/learn/git/ebook/en/desktop-gui/branching-merging/merging.html]
[www.git-tower.com/learn/media/pages/git/ebook/en/desktop-gui/branching-merging/branching-workflows/1056489448-1570000299/branch-types.png]
[www.git-tower.com/learn/git/ebook/en/desktop-gui/branching-merging/branching-workflows.html]
[www.git-tower.com/learn/media/pages/git/ebook/en/desktop-gui/remote-repositories/introduction/-1045933932-1570000299/basic-remote-workflow.png]
[www.git-tower.com/learn/git/ebook/en/desktop-gui/remote-repositories/introduction.html]
[www.git-tower.com/learn/media/pages/git/ebook/en/desktop-gui/remote-repositories/connecting-remote-repositories/906913612-1570000299/01-remote-add_mac.gif]
[www.git-tower.com/learn/media/pages/git/ebook/en/desktop-gui/remote-repositories/connecting-remote-repositories/1158913207-1570000299/01-remote-add_windows.gif]
[www.git-tower.com/learn/git/ebook/en/desktop-gui/remote-repositories/connecting-remote-repositories.html]
[www.git-tower.com/learn/media/pages/git/ebook/en/desktop-gui/remote-repositories/inspecting-remote-data/-847958655-1570000299/tracking-ahead-behind.gif]
[www.git-tower.com/learn/media/pages/git/ebook/en/desktop-gui/remote-repositories/inspecting-remote-data/-871815528-1570000299/01-ahead-behind_mac.png]
[www.git-tower.com/learn/media/pages/git/ebook/en/desktop-gui/remote-repositories/inspecting-remote-data/-1282575260-1570000299/02-push_mac.png]
[www.git-tower.com/learn/media/pages/git/ebook/en/desktop-gui/remote-repositories/inspecting-remote-data/280629892-1570000299/02-push_windows.png]
[www.git-tower.com/learn/git/ebook/en/desktop-gui/remote-repositories/inspecting-remote-data.html]
[www.git-tower.com/learn/media/pages/git/ebook/en/desktop-gui/remote-repositories/integrating-remote-changes/245116243-1570000299/01-unpulled_mac.png]
[www.git-tower.com/learn/media/pages/git/ebook/en/desktop-gui/remote-repositories/integrating-remote-changes/-131978366-1570000299/01-unpulled_windows.png]
[www.git-tower.com/learn/git/ebook/en/desktop-gui/remote-repositories/integrating-remote-changes.html]
[www.git-tower.com/learn/media/pages/git/ebook/en/desktop-gui/remote-repositories/publish-local-branch/331749632-1570000299/01-publish-branch_mac.gif]
[www.git-tower.com/learn/media/pages/git/ebook/en/desktop-gui/remote-repositories/publish-local-branch/-2103855255-1570000299/01-publish-branch_windows.gif]
[www.git-tower.com/learn/git/ebook/en/desktop-gui/remote-repositories/publish-local-branch.html]
[www.git-tower.com/learn/media/pages/git/ebook/en/desktop-gui/remote-repositories/deleting-branches/-2126221608-1570000299/01-delete-branch_mac.png]
[www.git-tower.com/learn/media/pages/git/ebook/en/desktop-gui/remote-repositories/deleting-branches/-2076116857-1570000299/01-delete-branch_windows.png]
[www.git-tower.com/learn/git/ebook/en/desktop-gui/remote-repositories/deleting-branches.html]
[www.git-tower.com/learn/media/pages/git/ebook/en/desktop-gui/advanced-topics/undoing-things/-31604698-1570000299/01-amend_mac.gif]
[www.git-tower.com/learn/media/pages/git/ebook/en/desktop-gui/advanced-topics/undoing-things/972016421-1570000299/01-amend_windows.gif]
[www.git-tower.com/learn/media/pages/git/ebook/en/desktop-gui/advanced-topics/undoing-things/1036075430-1570000299/02-discard-local_mac.gif]
[www.git-tower.com/learn/media/pages/git/ebook/en/desktop-gui/advanced-topics/undoing-things/463541680-1570000299/02-discard-local_windows.gif]
[www.git-tower.com/learn/media/pages/git/ebook/en/desktop-gui/advanced-topics/undoing-things/-416978476-1570000299/revert-concept.png]
[www.git-tower.com/learn/media/pages/git/ebook/en/desktop-gui/advanced-topics/undoing-things/413538980-1570000299/reset-concept.png]
[www.git-tower.com/learn/media/pages/git/ebook/en/desktop-gui/advanced-topics/undoing-things/926864218-1570000299/03-reset-revert_mac.png]
[www.git-tower.com/learn/media/pages/git/ebook/en/desktop-gui/advanced-topics/undoing-things/-112956239-1570000299/03-reset-revert_windows.png]
[www.git-tower.com/learn/git/ebook/en/desktop-gui/advanced-topics/undoing-things.html]
[www.git-tower.com/learn/media/pages/git/ebook/en/desktop-gui/advanced-topics/diffs/-61313-1570000299/02-working-copy-diff_mac.png]
[www.git-tower.com/learn/media/pages/git/ebook/en/desktop-gui/advanced-topics/diffs/-1172326615-1570000299/02-working-copy-diff_windows.png]
[www.git-tower.com/learn/media/pages/git/ebook/en/desktop-gui/advanced-topics/diffs/2026011518-1570000299/03-history-diff_mac.png]
[www.git-tower.com/learn/media/pages/git/ebook/en/desktop-gui/advanced-topics/diffs/1595255472-1570000299/03-history-diff_windows.png]
[www.git-tower.com/learn/media/pages/git/ebook/en/desktop-gui/advanced-topics/diffs/-599512971-1570000299/01-example-diff.jpg]
[www.git-tower.com/learn/git/ebook/en/desktop-gui/advanced-topics/diffs.html]
[www.git-tower.com/learn/media/pages/git/ebook/en/desktop-gui/advanced-topics/merge-conflicts/422864150-1570000299/01-conflict-overview_mac.png]
[www.git-tower.com/learn/media/pages/git/ebook/en/desktop-gui/advanced-topics/merge-conflicts/-814945069-1570000299/01-conflict-overview_windows.png]
[www.git-tower.com/learn/media/pages/git/ebook/en/desktop-gui/advanced-topics/merge-conflicts/-1899216639-1570000299/02-conflict-markers.png]
[www.git-tower.com/learn/media/pages/git/ebook/en/desktop-gui/advanced-topics/merge-conflicts/1246464094-1570000299/03-tower-conflict_mac.gif]
[www.git-tower.com/learn/media/pages/git/ebook/en/desktop-gui/advanced-topics/merge-conflicts/-922742167-1570000299/03-tower-conflict_windows.gif]
[www.git-tower.com/learn/media/pages/git/ebook/en/desktop-gui/advanced-topics/merge-conflicts/-263810921-1570000299/merge-conflict-in-gui.jpg]
[www.git-tower.com/learn/git/ebook/en/desktop-gui/advanced-topics/merge-conflicts.html]
[www.git-tower.com/learn/media/pages/git/ebook/en/desktop-gui/advanced-topics/rebase/962168121-1570000299/starting-situation-fast-forward.gif]
[www.git-tower.com/learn/media/pages/git/ebook/en/desktop-gui/advanced-topics/rebase/371525700-1570000299/end-situation-fast-forward.gif]
[www.git-tower.com/learn/media/pages/git/ebook/en/desktop-gui/advanced-topics/rebase/-626796347-1570000299/starting-situation-merge-commit.gif]
[www.git-tower.com/learn/media/pages/git/ebook/en/desktop-gui/advanced-topics/rebase/-169912904-1570000299/end-situation-merge-commit.gif]
[www.git-tower.com/learn/media/pages/git/ebook/en/desktop-gui/advanced-topics/rebase/-646861069-1570000299/end-situation-rebase.gif]
[www.git-tower.com/learn/media/pages/git/ebook/en/desktop-gui/advanced-topics/rebase/439759406-1570000299/starting-situation-rebase.gif]
[www.git-tower.com/learn/media/pages/git/ebook/en/desktop-gui/advanced-topics/rebase/1332567510-1570000299/01-rebase-button_mac.png]
[www.git-tower.com/learn/media/pages/git/ebook/en/desktop-gui/advanced-topics/rebase/2049483809-1570000299/01-rebase-button_windows.png]
[www.git-tower.com/learn/media/pages/git/ebook/en/desktop-gui/advanced-topics/rebase/-982980492-1570000299/rebase-step-1.gif]
[www.git-tower.com/learn/media/pages/git/ebook/en/desktop-gui/advanced-topics/rebase/-2100784476-1570000299/rebase-step-2.gif]
[www.git-tower.com/learn/media/pages/git/ebook/en/desktop-gui/advanced-topics/rebase/-1079461100-1570000299/rebase-step-3.gif]
[www.git-tower.com/learn/git/ebook/en/desktop-gui/advanced-topics/rebase.html]
[www.git-tower.com/learn/media/pages/git/ebook/en/desktop-gui/advanced-topics/submodules/-1517142850-1570000299/01-add-submodule-dialog_mac.png]
[www.git-tower.com/learn/media/pages/git/ebook/en/desktop-gui/advanced-topics/submodules/508832974-1570000299/01-add-submodule-dialog_windows.png]
[www.git-tower.com/learn/media/pages/git/ebook/en/desktop-gui/advanced-topics/submodules/-403143735-1570000299/02-library-files-after-adding-submodule_mac.png]
[www.git-tower.com/learn/media/pages/git/ebook/en/desktop-gui/advanced-topics/submodules/561950295-1570000299/02-library-files-after-adding-submodule_windows.png]
[www.git-tower.com/learn/media/pages/git/ebook/en/desktop-gui/advanced-topics/submodules/-889276409-1570000299/03-status-after-adding_mac.png]
[www.git-tower.com/learn/media/pages/git/ebook/en/desktop-gui/advanced-topics/submodules/-1940404512-1570000299/03-status-after-adding_windows.png]
[www.git-tower.com/learn/media/pages/git/ebook/en/desktop-gui/advanced-topics/submodules/1383036338-1570000299/04-commit-history_mac.png]
[www.git-tower.com/learn/media/pages/git/ebook/en/desktop-gui/advanced-topics/submodules/-1459430026-1570000299/04-commit-history_windows.png]
[www.git-tower.com/learn/media/pages/git/ebook/en/desktop-gui/advanced-topics/submodules/-724536927-1570000299/05-moved-pointer_mac.png]
[www.git-tower.com/learn/media/pages/git/ebook/en/desktop-gui/advanced-topics/submodules/-1960764999-1570000299/05-moved-pointer_windows.png]
[www.git-tower.com/learn/media/pages/git/ebook/en/desktop-gui/advanced-topics/submodules/-1046604809-1570000299/06-auto-update-submodule_mac.png]
[www.git-tower.com/learn/media/pages/git/ebook/en/desktop-gui/advanced-topics/submodules/758370537-1570000299/06-auto-update-submodule_windows.png]
[www.git-tower.com/learn/media/pages/git/ebook/en/desktop-gui/advanced-topics/submodules/1791752145-1570000299/07-new-remote-commit_mac.png]
[www.git-tower.com/learn/media/pages/git/ebook/en/desktop-gui/advanced-topics/submodules/-2142663930-1570000299/07-new-remote-commit_windows.png]
[www.git-tower.com/learn/media/pages/git/ebook/en/desktop-gui/advanced-topics/submodules/-1054800720-1570000299/09-local-changes_mac.png]
[www.git-tower.com/learn/media/pages/git/ebook/en/desktop-gui/advanced-topics/submodules/1371846639-1570000299/09-local-changes_windows.png]
[www.git-tower.com/learn/git/ebook/en/desktop-gui/advanced-topics/submodules.html]
[www.git-tower.com/learn/media/pages/git/ebook/en/desktop-gui/advanced-topics/git-flow/-1300763632-1570000299/03-enable-git-flow_mac.png]
[www.git-tower.com/learn/media/pages/git/ebook/en/desktop-gui/advanced-topics/git-flow/-1632373338-1570000299/03-enable-git-flow_windows.png]
[www.git-tower.com/learn/media/pages/git/ebook/en/desktop-gui/advanced-topics/git-flow/-1453607650-1570000299/04-configure-git-flow_mac.png]
[www.git-tower.com/learn/media/pages/git/ebook/en/desktop-gui/advanced-topics/git-flow/-1370147352-1570000299/04-configure-git-flow_windows.png]
[www.git-tower.com/learn/media/pages/git/ebook/en/desktop-gui/advanced-topics/git-flow/1637630691-1570000299/01-master-develop.png]
[www.git-tower.com/learn/media/pages/git/ebook/en/desktop-gui/advanced-topics/git-flow/2144379591-1570000299/02-features-hotfix.png]
[www.git-tower.com/learn/media/pages/git/ebook/en/desktop-gui/advanced-topics/git-flow/-98689413-1570000299/05-start-feature_mac.gif]
[www.git-tower.com/learn/media/pages/git/ebook/en/desktop-gui/advanced-topics/git-flow/-1411411014-1570000299/05-start-feature_windows.gif]
[www.git-tower.com/learn/git/ebook/en/desktop-gui/branching-merging/branching-workflows/index.html]
[www.git-tower.com/learn/media/pages/git/ebook/en/desktop-gui/advanced-topics/git-flow/-616639285-1570000299/06-finish-feature_mac.png]
[www.git-tower.com/learn/media/pages/git/ebook/en/desktop-gui/advanced-topics/git-flow/1347113638-1570000299/06-finish-feature_windows.png]
[www.git-tower.com/learn/media/pages/git/ebook/en/desktop-gui/advanced-topics/git-flow/-641386112-1570000299/07-start-release_mac.png]
[www.git-tower.com/learn/media/pages/git/ebook/en/desktop-gui/advanced-topics/git-flow/-1541236941-1570000299/07-start-release_windows.png]
[www.git-tower.com/learn/git/ebook/en/desktop-gui/advanced-topics/git-flow.html]
[www.git-tower.com/learn/media/pages/git/ebook/en/desktop-gui/advanced-topics/git-lfs/-279119236-1570000299/01-large-file-adds-up.png]
[www.git-tower.com/learn/media/pages/git/ebook/en/desktop-gui/advanced-topics/git-lfs/-519311434-1570000299/02-setup-git-standard.png]
[www.git-tower.com/learn/media/pages/git/ebook/en/desktop-gui/advanced-topics/git-lfs/-327235899-1570000299/03-setup-git-lfs.png]
[www.git-tower.com/learn/media/pages/git/ebook/en/desktop-gui/advanced-topics/git-lfs/753541229-1570000299/04-new-large-file_mac.png]
[www.git-tower.com/learn/media/pages/git/ebook/en/desktop-gui/advanced-topics/git-lfs/1275832535-1570000299/04-new-large-file_windows.png]
[www.git-tower.com/learn/media/pages/git/ebook/en/desktop-gui/advanced-topics/git-lfs/-726393348-1570000299/05-track-menu-option_mac.png]
[www.git-tower.com/learn/media/pages/git/ebook/en/desktop-gui/advanced-topics/git-lfs/-233156063-1570000299/05-track-menu-option_windows.png]
[www.git-tower.com/learn/media/pages/git/ebook/en/desktop-gui/advanced-topics/git-lfs/526648415-1570000299/06-track-add-file_mac.gif]
[www.git-tower.com/learn/media/pages/git/ebook/en/desktop-gui/advanced-topics/git-lfs/-1869739266-1570000299/06-track-add-file_windows.gif]
[www.git-tower.com/learn/media/pages/git/ebook/en/desktop-gui/advanced-topics/git-lfs/1983780095-1570000299/07-track-file-type_mac.png]
[www.git-tower.com/learn/media/pages/git/ebook/en/desktop-gui/advanced-topics/git-lfs/382366789-1570000299/07-track-file-type_windows.png]
[www.git-tower.com/learn/media/pages/git/ebook/en/desktop-gui/advanced-topics/git-lfs/1078797649-1570000299/08-tracked-patterns_mac.png]
[www.git-tower.com/learn/media/pages/git/ebook/en/desktop-gui/advanced-topics/git-lfs/1434397304-1570000299/08-tracked-patterns_windows.png]
[www.git-tower.com/learn/media/pages/git/ebook/en/desktop-gui/advanced-topics/git-lfs/-1838432580-1570000299/09-lfs-clone_mac.png]
[www.git-tower.com/learn/media/pages/git/ebook/en/desktop-gui/advanced-topics/git-lfs/724554832-1570000299/09-lfs-clone_windows.png]
[www.git-tower.com/learn/git/ebook/en/desktop-gui/advanced-topics/git-lfs.html]
[www.git-tower.com/learn/media/pages/git/ebook/en/desktop-gui/advanced-topics/ssh-public-keys/1106441695-1570000299/public-key-auth-workflow.png]
[www.git-tower.com/learn/git/ebook/en/desktop-gui/advanced-topics/ssh-public-keys.html]
[www.git-tower.com/learn/media/pages/git/ebook/en/desktop-gui/tools-services/diff-merge-tools/925159423-1570000299/gui-example-diff.jpg]
[www.git-tower.com/learn/git/ebook/en/desktop-gui/tools-services/diff-merge-tools.html]
[www.git-tower.com/learn/git/ebook/en/desktop-gui/tools-services/code-hosting.html]
[www.git-tower.com/learn/git/ebook/en/desktop-gui/tools-services/learning-resources.html]
[www.git-tower.com/learn/git/ebook/en/desktop-gui/appendix/best-practices.html]
[www.git-tower.com/learn/media/pages/git/ebook/en/desktop-gui/appendix/from-subversion-to-git/895457447-1570000299/centralized-vs-distributed.png]
[www.git-tower.com/learn/git/ebook/en/desktop-gui/appendix/from-subversion-to-git.html]
[www.git-tower.com/learn/git/ebook/en/desktop-gui/appendix/why-git.html]
[www.git-tower.com/learn/ignore.html]
[www.git-tower.com/learn/git/ebook/en/desktop-gui/branching-merging/branching-workflows/index.html]
