[backblue.gif]
[fade.gif]
[index.html]
[www.git-tower.com/learn/git/ebook/cn/command-line/index.html]
[www.git-tower.com/learn/git/ebook/cn/command-line/introduction.html]
[www.google-analytics.com/analytics.js]
[assets.git-tower.com/learn/assets/css/content.min.1570000299.css]
[ajax.googleapis.com/ajax/libs/jquery/3.3.1/jquery.min.js]
[assets.git-tower.com/learn/assets/js/content.min.1570000299.js]
[assets.git-tower.com/learn/assets/img/keyvisual/ebook_dark.1570000299.png]
[www.git-tower.com/learn/git/ebook/cn/command-line/basics/what-is-version-control.html]
[www.git-tower.com/learn/git/ebook/cn/command-line/basics/why-use-version-control.html]
[www.git-tower.com/learn/git/ebook/cn/command-line/basics/getting-ready.html]
[www.git-tower.com/learn/git/ebook/cn/command-line/basics/basic-workflow.html]
[www.git-tower.com/learn/git/ebook/cn/command-line/basics/starting-with-an-unversioned-project.html]
[www.git-tower.com/learn/git/ebook/cn/command-line/basics/starting-with-a-remote-project.html]
[www.git-tower.com/learn/git/ebook/cn/command-line/basics/working-on-your-project.html]
[www.git-tower.com/learn/git/ebook/cn/command-line/branching-merging/branching-can-change-your-life.html]
[www.git-tower.com/learn/git/ebook/cn/command-line/branching-merging/working-with-branches.html]
[www.git-tower.com/learn/git/ebook/cn/command-line/branching-merging/stashing.html]
[www.git-tower.com/learn/git/ebook/cn/command-line/branching-merging/checkout.html]
[www.git-tower.com/learn/git/ebook/cn/command-line/branching-merging/merging.html]
[www.git-tower.com/learn/git/ebook/cn/command-line/branching-merging/branching-workflows.html]
[www.git-tower.com/learn/git/ebook/cn/command-line/remote-repositories/introduction.html]
[www.git-tower.com/learn/git/ebook/cn/command-line/remote-repositories/connecting-remote-repositories.html]
[www.git-tower.com/learn/git/ebook/cn/command-line/remote-repositories/inspecting-remote-data.html]
[www.git-tower.com/learn/git/ebook/cn/command-line/remote-repositories/integrating-remote-changes.html]
[www.git-tower.com/learn/git/ebook/cn/command-line/remote-repositories/publish-local-branch.html]
[www.git-tower.com/learn/git/ebook/cn/command-line/remote-repositories/deleting-branches.html]
[www.git-tower.com/learn/git/ebook/cn/command-line/advanced-topics/undoing-things.html]
[www.git-tower.com/learn/git/ebook/cn/command-line/advanced-topics/diffs.html]
[www.git-tower.com/learn/git/ebook/cn/command-line/advanced-topics/merge-conflicts.html]
[www.git-tower.com/learn/git/ebook/cn/command-line/advanced-topics/rebase.html]
[www.git-tower.com/learn/git/ebook/cn/command-line/advanced-topics/submodules.html]
[www.git-tower.com/learn/git/ebook/cn/command-line/advanced-topics/git-flow.html]
[www.git-tower.com/learn/git/ebook/cn/command-line/advanced-topics/ssh-public-keys.html]
[www.git-tower.com/learn/git/ebook/cn/command-line/tools-services/desktop-guis.html]
[www.git-tower.com/learn/git/ebook/cn/command-line/tools-services/diff-merge-tools.html]
[www.git-tower.com/learn/git/ebook/cn/command-line/tools-services/code-hosting.html]
[www.git-tower.com/learn/git/ebook/cn/command-line/tools-services/learning-resources.html]
[www.git-tower.com/learn/git/ebook/cn/command-line/appendix/best-practices.html]
[www.git-tower.com/learn/git/ebook/cn/command-line/appendix/command-line-101.html]
[www.git-tower.com/learn/git/ebook/cn/command-line/appendix/from-subversion-to-git.html]
[www.git-tower.com/learn/git/ebook/cn/command-line/appendix/why-git.html]
[www.git-tower.com/learn/assets/img/popups/cheat-sheet-illu-huge.png]
[www.git-tower.com/learn/git/ebook/cn/command-line/introduction.html]
[assets.git-tower.com/learn/assets/img/sprite-general.png]
[assets.git-tower.com/learn/assets/css/content.min.1570000299.css]
[www.googletagmanager.com/gtm5445.html]
[www.git-tower.com/learn/media/pages/git/ebook/cn/command-line/basics/what-is-version-control/1234869142-1570000299/what-is-vcs.png]
[www.git-tower.com/learn/git/ebook/cn/command-line/basics/what-is-version-control.html]
[www.git-tower.com/learn/git/ebook/cn/command-line/basics/why-use-version-control.html]
[www.git-tower.com/learn/media/pages/git/ebook/cn/command-line/basics/getting-ready/-1647872207-1570000299/git-bash-windows.jpg]
[www.git-tower.com/learn/media/pages/git/ebook/cn/command-line/basics/getting-ready/-977952483-1570000299/terminal-app-mac.jpg]
[www.git-tower.com/learn/git/ebook/cn/command-line/basics/getting-ready.html]
[www.git-tower.com/learn/git/ebook/cn/command-line/basics/basic-workflow.html]
[www.git-tower.com/learn/git/ebook/cn/command-line/basics/starting-with-an-unversioned-project.html]
[www.git-tower.com/learn/git/ebook/cn/command-line/basics/starting-with-a-remote-project.html]
[www.git-tower.com/learn/media/pages/git/ebook/cn/command-line/basics/working-on-your-project/452967006-1570000299/staging-area-file-status.png]
[www.git-tower.com/learn/git/ebook/cn/command-line/basics/working-on-your-project.html]
[www.git-tower.com/learn/media/pages/git/ebook/cn/command-line/branching-merging/branching-can-change-your-life/1209609885-1570000299/one-context.png]
[www.git-tower.com/learn/media/pages/git/ebook/cn/command-line/branching-merging/branching-can-change-your-life/-1164199415-1570000299/multiple-contexts.png]
[www.git-tower.com/learn/git/ebook/cn/command-line/branching-merging/branching-can-change-your-life.html]
[www.git-tower.com/learn/git/ebook/cn/command-line/branching-merging/working-with-branches.html]
[www.git-tower.com/learn/git/ebook/cn/command-line/branching-merging/stashing.html]
[www.git-tower.com/learn/media/pages/git/ebook/cn/command-line/branching-merging/checkout/-1760262414-1570000299/branch-pointers.png]
[www.git-tower.com/learn/git/ebook/cn/command-line/branching-merging/checkout.html]
[www.git-tower.com/learn/media/pages/git/ebook/cn/command-line/branching-merging/merging/1787895404-1570000299/basic-merging.png]
[www.git-tower.com/learn/media/pages/git/ebook/cn/command-line/branching-merging/merging/803831454-1570000299/merge-commit.png]
[www.git-tower.com/learn/git/ebook/cn/command-line/branching-merging/merging.html]
[www.git-tower.com/learn/media/pages/git/ebook/cn/command-line/branching-merging/branching-workflows/1056489448-1570000299/branch-types.png]
[www.git-tower.com/learn/git/ebook/cn/command-line/branching-merging/branching-workflows.html]
[www.git-tower.com/learn/media/pages/git/ebook/cn/command-line/remote-repositories/introduction/-1045933932-1570000299/basic-remote-workflow.png]
[www.git-tower.com/learn/git/ebook/cn/command-line/remote-repositories/introduction.html]
[www.git-tower.com/learn/git/ebook/cn/command-line/remote-repositories/connecting-remote-repositories.html]
[www.git-tower.com/learn/media/pages/git/ebook/cn/command-line/remote-repositories/inspecting-remote-data/-847958655-1570000299/tracking-ahead-behind.gif]
[www.git-tower.com/learn/git/ebook/cn/command-line/remote-repositories/inspecting-remote-data.html]
[www.git-tower.com/learn/git/ebook/cn/command-line/remote-repositories/integrating-remote-changes.html]
[www.git-tower.com/learn/git/ebook/cn/command-line/remote-repositories/publish-local-branch.html]
[www.git-tower.com/learn/git/ebook/cn/command-line/remote-repositories/deleting-branches.html]
[www.git-tower.com/learn/media/pages/git/ebook/cn/command-line/advanced-topics/undoing-things/-416978476-1570000299/revert-concept.png]
[www.git-tower.com/learn/media/pages/git/ebook/cn/command-line/advanced-topics/undoing-things/413538980-1570000299/reset-concept.png]
[www.git-tower.com/learn/git/ebook/cn/command-line/advanced-topics/undoing-things.html]
[www.git-tower.com/learn/media/pages/git/ebook/cn/command-line/advanced-topics/diffs/2140873840-1570000299/example-diff.jpg]
[www.git-tower.com/learn/git/ebook/cn/command-line/advanced-topics/diffs.html]
[www.git-tower.com/learn/media/pages/git/ebook/cn/command-line/advanced-topics/merge-conflicts/-1072705899-1570000299/conflict-markers.png]
[www.git-tower.com/learn/media/pages/git/ebook/cn/command-line/advanced-topics/merge-conflicts/-263810921-1570000299/merge-conflict-in-gui.jpg]
[www.git-tower.com/learn/git/ebook/cn/command-line/advanced-topics/merge-conflicts.html]
[www.git-tower.com/learn/media/pages/git/ebook/cn/command-line/advanced-topics/rebase/962168121-1570000299/starting-situation-fast-forward.gif]
[www.git-tower.com/learn/media/pages/git/ebook/cn/command-line/advanced-topics/rebase/371525700-1570000299/end-situation-fast-forward.gif]
[www.git-tower.com/learn/media/pages/git/ebook/cn/command-line/advanced-topics/rebase/-626796347-1570000299/starting-situation-merge-commit.gif]
[www.git-tower.com/learn/media/pages/git/ebook/cn/command-line/advanced-topics/rebase/-169912904-1570000299/end-situation-merge-commit.gif]
[www.git-tower.com/learn/media/pages/git/ebook/cn/command-line/advanced-topics/rebase/-646861069-1570000299/end-situation-rebase.gif]
[www.git-tower.com/learn/media/pages/git/ebook/cn/command-line/advanced-topics/rebase/439759406-1570000299/starting-situation-rebase.gif]
[www.git-tower.com/learn/media/pages/git/ebook/cn/command-line/advanced-topics/rebase/-982980492-1570000299/rebase-step-1.gif]
[www.git-tower.com/learn/media/pages/git/ebook/cn/command-line/advanced-topics/rebase/-2100784476-1570000299/rebase-step-2.gif]
[www.git-tower.com/learn/media/pages/git/ebook/cn/command-line/advanced-topics/rebase/-1079461100-1570000299/rebase-step-3.gif]
[www.git-tower.com/learn/git/ebook/cn/command-line/advanced-topics/rebase.html]
[www.git-tower.com/learn/media/pages/git/ebook/cn/command-line/advanced-topics/submodules/699727951-1570000299/01-library-files-after-adding-submodule.png]
[www.git-tower.com/learn/git/ebook/cn/command-line/advanced-topics/submodules.html]
[www.git-tower.com/learn/media/pages/git/ebook/cn/command-line/advanced-topics/git-flow/1637630691-1570000299/01-master-develop.png]
[www.git-tower.com/learn/media/pages/git/ebook/cn/command-line/advanced-topics/git-flow/2144379591-1570000299/02-features-hotfix.png]
[www.git-tower.com/learn/git/ebook/cn/command-line/advanced-topics/git-flow.html]
[www.git-tower.com/learn/git/ebook/cn/command-line/branching-merging/branching-workflows/index.html]
[www.git-tower.com/learn/media/pages/git/ebook/cn/command-line/advanced-topics/ssh-public-keys/1106441695-1570000299/public-key-auth-workflow.png]
[www.git-tower.com/learn/git/ebook/cn/command-line/advanced-topics/ssh-public-keys.html]
[www.git-tower.com/learn/media/pages/git/ebook/cn/command-line/tools-services/desktop-guis/1087601154-1570000299/tower-status.jpg]
[www.git-tower.com/learn/media/pages/git/ebook/cn/command-line/tools-services/desktop-guis/1717464770-1570000299/tower-commits.jpg]
[www.git-tower.com/learn/git/ebook/cn/command-line/tools-services/desktop-guis.html]
[www.git-tower.com/learn/media/pages/git/ebook/cn/command-line/tools-services/diff-merge-tools/925159423-1570000299/gui-example-diff.jpg]
[www.git-tower.com/learn/git/ebook/cn/command-line/tools-services/diff-merge-tools.html]
[www.git-tower.com/learn/git/ebook/cn/command-line/tools-services/code-hosting.html]
[www.git-tower.com/learn/git/ebook/cn/command-line/tools-services/learning-resources.html]
[www.git-tower.com/learn/git/ebook/cn/command-line/appendix/best-practices.html]
[www.git-tower.com/learn/git/ebook/cn/command-line/appendix/command-line-101.html]
[www.git-tower.com/learn/media/pages/git/ebook/cn/command-line/appendix/from-subversion-to-git/895457447-1570000299/centralized-vs-distributed.png]
[www.git-tower.com/learn/git/ebook/cn/command-line/appendix/from-subversion-to-git.html]
[www.git-tower.com/learn/git/ebook/cn/command-line/appendix/why-git.html]
[www.git-tower.com/learn/git/ebook/cn/command-line/branching-merging/branching-workflows/index.html]
